============================================
Job ID: 25051615
Job name: TracerX_embed
Node: ga118
Start time: Fri  4 Jul 17:00:23 BST 2025
Working directory: /nemo/project/proj-tracerx-lung/tctProjects/kilimo/SlideCrush
============================================
GPU Information:
Fri Jul  4 17:00:23 2025       
+-----------------------------------------------------------------------------------------+
| NVIDIA-SMI 560.28.03              Driver Version: 560.28.03      CUDA Version: 12.6     |
|-----------------------------------------+------------------------+----------------------+
| GPU  Name                 Persistence-M | Bus-Id          Disp.A | Volatile Uncorr. ECC |
| Fan  Temp   Perf          Pwr:Usage/Cap |           Memory-Usage | GPU-Util  Compute M. |
|                                         |                        |               MIG M. |
|=========================================+========================+======================|
|   0  NVIDIA A100-SXM4-80GB          On  |   00000000:41:00.0 Off |                    0 |
| N/A   29C    P0             62W /  500W |       1MiB /  81920MiB |      0%      Default |
|                                         |                        |             Disabled |
+-----------------------------------------+------------------------+----------------------+
                                                                                         
+-----------------------------------------------------------------------------------------+
| Processes:                                                                              |
|  GPU   GI   CI        PID   Type   Process name                              GPU Memory |
|        ID   ID                                                               Usage      |
|=========================================================================================|
|  No running processes found                                                             |
+-----------------------------------------------------------------------------------------+
============================================
Working directory: /nemo/project/proj-tracerx-lung/tctProjects/kilimo/SlideCrush
Starting embed.sh with TracerX configuration...
🚀 Starting OPTIMIZED CLAM pipeline with:
   Model: uni_v2
   Batch size: 512
   Write batch size: 10
   Sample images: 10
Running pipeline for slides in: /nemo/project/proj-tracerx-lung/tctProjects/kilimo/slides/to_transfer
🚀 Starting optimized feature extraction...
✅ Completed optimized pipeline for slides in: /nemo/project/proj-tracerx-lung/tctProjects/kilimo/slides/to_transfer
============================================
Job completed at: Fri  4 Jul 17:00:24 BST 2025
============================================
